// Jest Snapshot v1, https://goo.gl/fbAQLP

exports[`renders correctly 1`] = `
<div
  className="root"
  data-jsx={879608397}
>
  <h1
    data-jsx={879608397}
  >
    Intense Camping
  </h1>
  <h2
    data-jsx={879608397}
  >
    Book Your CHILL Trip
  </h2>
  <p
    data-jsx={879608397}
  >
    <a
      data-jsx={879608397}
      href="/trips"
      onClick={[Function]}
    >
      Sign-up Now
    </a>
  </p>
  <img
    alt="chill"
    data-jsx={879608397}
    src="/images/chill-camping.jpg"
  />
</div>
`;
